<?xml version="1.0" encoding="utf-8"?><testsuites name="pytest tests"><testsuite name="pytest" errors="0" failures="1" skipped="0" tests="9" time="4.873" timestamp="2025-07-24T09:41:43.176512+00:00" hostname="jumpbox"><testcase classname="tests.test_azure_devops_client.TestAzureDevOpsClient" name="test_client_initialization" time="0.004" /><testcase classname="tests.test_azure_devops_client.TestAzureDevOpsClient" name="test_missing_configuration" time="0.001" /><testcase classname="tests.test_azure_devops_client.TestAzureDevOpsClient" name="test_get_work_items_success" time="0.018"><failure message="AssertionError: assert 1 == 'WI-1'">tests/test_azure_devops_client.py:120: in test_get_work_items_success
    assert work_items[0]["id"] == "WI-1"  # Client transforms id to WI-{id}
E   AssertionError: assert 1 == 'WI-1'</failure></testcase><testcase classname="tests.test_azure_devops_client.TestAzureDevOpsClient" name="test_get_work_items_api_error" time="2.297" /><testcase classname="tests.test_azure_devops_client.TestAzureDevOpsClient" name="test_get_work_items_empty_result" time="2.226" /><testcase classname="tests.test_azure_devops_client.TestAzureDevOpsClient" name="test_get_state_history_success" time="0.003" /><testcase classname="tests.test_azure_devops_client.TestAzureDevOpsClient" name="test_get_state_history_error" time="0.012" /><testcase classname="tests.test_azure_devops_client.TestAzureDevOpsClient" name="test_get_team_members_success" time="0.013" /><testcase classname="tests.test_azure_devops_client.TestAzureDevOpsClient" name="test_get_team_members_error" time="0.009" /></testsuite></testsuites>
